// Jest Snapshot v1, https://goo.gl/fbAQLP

exports[`<Item/> renders and match the snapshot 1`] = `
<ItemStyles__Item>
  <img
    alt="Cool Item"
    src="dog.jpg"
  />
  <Title>
    <Link
      href={
        Object {
          "pathname": "/item",
          "query": Object {
            "id": "ABCD123",
          },
        }
      }
    >
      <a>
        Cool Item
      </a>
    </Link>
  </Title>
  <PriceTag>
    $50
  </PriceTag>
  <p>
    This item is really cool
  </p>
  <div
    className="buttonList"
  >
    <Link
      href={
        Object {
          "pathname": "/update",
          "query": Object {
            "id": "ABCD123",
          },
        }
      }
    >
      <a>
        Edit
      </a>
    </Link>
    <AddToCart
      id="ABCD123"
    />
    <DeleteItem
      id="ABCD123"
    >
      Delete This Item
    </DeleteItem>
  </div>
</ItemStyles__Item>
`;
